// Jest Snapshot v1, https://goo.gl/fbAQLP

exports[`App Component renders properly 1`] = `
<Switch>
  <Route
    component={[Function]}
    exact={true}
    path="/"
  />
  <Route
    component={[Function]}
    exact={true}
    path="/surveys"
  />
  <Route
    component={[Function]}
    path="/surveys/:id"
  />
</Switch>
`;
