// Jest Snapshot v1, https://goo.gl/fbAQLP

exports[`Next- and PrevQuestionButton Component renders correctly when disabled 1`] = `
<button
  className="sc-AykKG sc-AykKI hzYser"
  disabled={true}
/>
`;

exports[`Next- and PrevQuestionButton Component renders properly 1`] = `
<button
  className="sc-AykKG sc-AykKI bzjxMr"
/>
`;

exports[`QuestionCarousel Component renders 1`] = `
<QuestionCarousel
  onOptionSelect={[MockFunction]}
  onQuestionChange={
    [MockFunction] {
      "calls": Array [
        Array [
          0,
        ],
      ],
      "results": Array [
        Object {
          "type": "return",
          "value": undefined,
        },
      ],
    }
  }
  questions={
    Array [
      Object {
        "id": "001",
        "options": Array [
          "test1",
          "test2",
        ],
        "title": "firstQuestion",
      },
      Object {
        "id": "002",
        "options": Array [
          "test1",
          "test2",
        ],
        "title": "secondQuestion",
      },
    ]
  }
  selectedOption="test1"
>
  <styled.div
    className="question-carousel"
  >
    <div
      className="sc-AykKJ OwdgA question-carousel"
    >
      <SurveyQuestion
        onOptionSelect={[MockFunction]}
        options={
          Array [
            "test1",
            "test2",
          ]
        }
        selectedOption="test1"
        title="firstQuestion"
      >
        <styled.div
          style={
            Object {
              "marginBottom": "3.2rem",
            }
          }
        >
          <div
            className="sc-AykKE gNSoTB"
            style={
              Object {
                "marginBottom": "3.2rem",
              }
            }
          >
            <styled.h3>
              <h3
                className="sc-AykKD bLtnPA"
              >
                firstQuestion
              </h3>
            </styled.h3>
            <styled.ul>
              <ul
                className="sc-AykKC fmcvyS"
              >
                <styled.li
                  key="firstQuestiontest1"
                  onClick={[Function]}
                  selected={true}
                >
                  <li
                    className="sc-AykKF jqoTha"
                    onClick={[Function]}
                    selected={true}
                  >
                    test1
                  </li>
                </styled.li>
                <styled.li
                  key="firstQuestiontest2"
                  onClick={[Function]}
                  selected={false}
                >
                  <li
                    className="sc-AykKF iPtPKR"
                    onClick={[Function]}
                    selected={false}
                  >
                    test2
                  </li>
                </styled.li>
              </ul>
            </styled.ul>
          </div>
        </styled.div>
      </SurveyQuestion>
      <styled.div>
        <div
          className="sc-AykKH iijtjJ"
        >
          <Styled(Styled(styled.button))
            disabled={true}
            onClick={[Function]}
          >
            <button
              className="sc-AykKG sc-AykKI sc-AykKK gOdPHc"
              disabled={true}
              onClick={[Function]}
            >
              Back
            </button>
          </Styled(Styled(styled.button))>
          <Styled(styled.button)
            disabled={false}
            onClick={[Function]}
          >
            <button
              className="sc-AykKG sc-AykKI bzjxMr"
              disabled={false}
              onClick={[Function]}
            >
              Next
            </button>
          </Styled(styled.button)>
        </div>
      </styled.div>
    </div>
  </styled.div>
</QuestionCarousel>
`;
